{
    "failed_checks": [
        {
            "file": "/modules/iam/main.tf",
            "findings": [
                {
                    "resource": "module.iam.aws_iam_policy_document.deploy_foundation",
                    "check_ids": [
                        "CKV_AWS_111",
                        "CKV_AWS_356"
                    ]
                }
            ]
        },
        {
            "file": "/modules/networking/main.tf",
            "findings": [
                {
                    "resource": "module.networking.aws_cloudwatch_log_group.vpc_flow_logs",
                    "check_ids": [
                        "CKV_AWS_338"
                    ]
                },
                {
                    "resource": "module.networking.aws_vpc.this",
                    "check_ids": [
                        "CKV2_AWS_12"
                    ]
                }
            ]
        }
    ]
}